// Jest Snapshot v1, https://goo.gl/fbAQLP

exports[`Form should render 1`] = `
<div>
  <div>
    <h1>
      Anywhere in your app!
    </h1>
    <form>
      <label
        for="fullname"
      >
        Full Name
        <input
          id="fullname"
          name="fullname"
          required=""
          type="text"
          value=""
        />
      </label>
      <button
        type="submit"
      >
        Submit
      </button>
    </form>
  </div>
</div>
`;
